// Jest Snapshot v1, https://goo.gl/fbAQLP

exports[`AuthItems Should render 2 <Item> if the user is not signed in 1`] = `
<div
  className="AuthItems"
>
  <Connect(Item)
    link=""
    signInItem={true}
  >
    Sign in
  </Connect(Item)>
  <Connect(Item)
    link="/signup"
  >
     
    <Icon
      iconType={
        Object {
          "icon": Array [
            640,
            512,
            Array [],
            "f234",
            "M624 208h-64v-64c0-8.8-7.2-16-16-16h-32c-8.8 0-16 7.2-16 16v64h-64c-8.8 0-16 7.2-16 16v32c0 8.8 7.2 16 16 16h64v64c0 8.8 7.2 16 16 16h32c8.8 0 16-7.2 16-16v-64h64c8.8 0 16-7.2 16-16v-32c0-8.8-7.2-16-16-16zm-400 48c70.7 0 128-57.3 128-128S294.7 0 224 0 96 57.3 96 128s57.3 128 128 128zm89.6 32h-16.7c-22.2 10.2-46.9 16-72.9 16s-50.6-5.8-72.9-16h-16.7C60.2 288 0 348.2 0 422.4V464c0 26.5 21.5 48 48 48h352c26.5 0 48-21.5 48-48v-41.6c0-74.2-60.2-134.4-134.4-134.4z",
          ],
          "iconName": "user-plus",
          "prefix": "fas",
        }
      }
    />
    Sign up
  </Connect(Item)>
</div>
`;

exports[`AuthItems should contain an <Item>Log out</Item> if the user is authenticated and logged in 1`] = `
<div
  className="AuthItems"
>
  <p
    className="LoggedInMessage"
  >
    Welcome, 
    <span />
    !
  </p>
  <Connect(Item)
    link=""
    signOutItem={true}
  >
    Log out
  </Connect(Item)>
</div>
`;

exports[`AuthItems should render 1 <Item></Item> and if user is signed in  1`] = `
<div
  className="AuthItems"
>
  <p
    className="LoggedInMessage"
  >
    Welcome, 
    <span />
    !
  </p>
  <Connect(Item)
    link=""
    signOutItem={true}
  >
    Log out
  </Connect(Item)>
</div>
`;
