// Jest Snapshot v1, https://goo.gl/fbAQLP

exports[`<NavItems/> should render 3 nav <Item/> components (as long as user not authenticated) 1`] = `
<div
  className="NavItems"
>
  <Connect(Item)
    link="/"
  >
     
    <Icon
      iconType={
        Object {
          "icon": Array [
            512,
            512,
            Array [],
            "f550",
            "M16 128h416c8.84 0 16-7.16 16-16V48c0-8.84-7.16-16-16-16H16C7.16 32 0 39.16 0 48v64c0 8.84 7.16 16 16 16zm480 80H80c-8.84 0-16 7.16-16 16v64c0 8.84 7.16 16 16 16h416c8.84 0 16-7.16 16-16v-64c0-8.84-7.16-16-16-16zm-64 176H16c-8.84 0-16 7.16-16 16v64c0 8.84 7.16 16 16 16h416c8.84 0 16-7.16 16-16v-64c0-8.84-7.16-16-16-16z",
          ],
          "iconName": "stream",
          "prefix": "fas",
        }
      }
    />
    Burger Builder
  </Connect(Item)>
  <Connect(Item)
    link="/orders"
  >
     
    <Icon
      iconType={
        Object {
          "icon": Array [
            512,
            512,
            Array [],
            "f03a",
            "M80 368H16a16 16 0 0 0-16 16v64a16 16 0 0 0 16 16h64a16 16 0 0 0 16-16v-64a16 16 0 0 0-16-16zm0-320H16A16 16 0 0 0 0 64v64a16 16 0 0 0 16 16h64a16 16 0 0 0 16-16V64a16 16 0 0 0-16-16zm0 160H16a16 16 0 0 0-16 16v64a16 16 0 0 0 16 16h64a16 16 0 0 0 16-16v-64a16 16 0 0 0-16-16zm416 176H176a16 16 0 0 0-16 16v32a16 16 0 0 0 16 16h320a16 16 0 0 0 16-16v-32a16 16 0 0 0-16-16zm0-320H176a16 16 0 0 0-16 16v32a16 16 0 0 0 16 16h320a16 16 0 0 0 16-16V80a16 16 0 0 0-16-16zm0 160H176a16 16 0 0 0-16 16v32a16 16 0 0 0 16 16h320a16 16 0 0 0 16-16v-32a16 16 0 0 0-16-16z",
          ],
          "iconName": "list",
          "prefix": "fas",
        }
      }
    >
       
    </Icon>
    Orders
  </Connect(Item)>
  <Connect(Item)
    link="/about"
  >
     
    <Icon
      iconType={
        Object {
          "icon": Array [
            384,
            512,
            Array [],
            "f02e",
            "M0 512V48C0 21.49 21.49 0 48 0h288c26.51 0 48 21.49 48 48v464L192 400 0 512z",
          ],
          "iconName": "bookmark",
          "prefix": "fas",
        }
      }
    />
    About
  </Connect(Item)>
</div>
`;

exports[`<NavItems/> should render 4 nav <Item/> components if the user is authenticated and logged in 1`] = `
<div
  className="NavItems"
>
  <Connect(Item)
    link="/"
  >
     
    <Icon
      iconType={
        Object {
          "icon": Array [
            512,
            512,
            Array [],
            "f550",
            "M16 128h416c8.84 0 16-7.16 16-16V48c0-8.84-7.16-16-16-16H16C7.16 32 0 39.16 0 48v64c0 8.84 7.16 16 16 16zm480 80H80c-8.84 0-16 7.16-16 16v64c0 8.84 7.16 16 16 16h416c8.84 0 16-7.16 16-16v-64c0-8.84-7.16-16-16-16zm-64 176H16c-8.84 0-16 7.16-16 16v64c0 8.84 7.16 16 16 16h416c8.84 0 16-7.16 16-16v-64c0-8.84-7.16-16-16-16z",
          ],
          "iconName": "stream",
          "prefix": "fas",
        }
      }
    />
    Burger Builder
  </Connect(Item)>
  <Connect(Item)
    link="/checkout"
  >
    <Icon
      iconType={
        Object {
          "icon": Array [
            576,
            512,
            Array [],
            "f07a",
            "M528.12 301.319l47.273-208C578.806 78.301 567.391 64 551.99 64H159.208l-9.166-44.81C147.758 8.021 137.93 0 126.529 0H24C10.745 0 0 10.745 0 24v16c0 13.255 10.745 24 24 24h69.883l70.248 343.435C147.325 417.1 136 435.222 136 456c0 30.928 25.072 56 56 56s56-25.072 56-56c0-15.674-6.447-29.835-16.824-40h209.647C430.447 426.165 424 440.326 424 456c0 30.928 25.072 56 56 56s56-25.072 56-56c0-22.172-12.888-41.332-31.579-50.405l5.517-24.276c3.413-15.018-8.002-29.319-23.403-29.319H218.117l-6.545-32h293.145c11.206 0 20.92-7.754 23.403-18.681z",
          ],
          "iconName": "shopping-cart",
          "prefix": "fas",
        }
      }
    />
    Checkout
  </Connect(Item)>
  <Connect(Item)
    link="/orders"
  >
     
    <Icon
      iconType={
        Object {
          "icon": Array [
            512,
            512,
            Array [],
            "f03a",
            "M80 368H16a16 16 0 0 0-16 16v64a16 16 0 0 0 16 16h64a16 16 0 0 0 16-16v-64a16 16 0 0 0-16-16zm0-320H16A16 16 0 0 0 0 64v64a16 16 0 0 0 16 16h64a16 16 0 0 0 16-16V64a16 16 0 0 0-16-16zm0 160H16a16 16 0 0 0-16 16v64a16 16 0 0 0 16 16h64a16 16 0 0 0 16-16v-64a16 16 0 0 0-16-16zm416 176H176a16 16 0 0 0-16 16v32a16 16 0 0 0 16 16h320a16 16 0 0 0 16-16v-32a16 16 0 0 0-16-16zm0-320H176a16 16 0 0 0-16 16v32a16 16 0 0 0 16 16h320a16 16 0 0 0 16-16V80a16 16 0 0 0-16-16zm0 160H176a16 16 0 0 0-16 16v32a16 16 0 0 0 16 16h320a16 16 0 0 0 16-16v-32a16 16 0 0 0-16-16z",
          ],
          "iconName": "list",
          "prefix": "fas",
        }
      }
    >
       
    </Icon>
    Orders
  </Connect(Item)>
  <Connect(Item)
    link="/about"
  >
     
    <Icon
      iconType={
        Object {
          "icon": Array [
            384,
            512,
            Array [],
            "f02e",
            "M0 512V48C0 21.49 21.49 0 48 0h288c26.51 0 48 21.49 48 48v464L192 400 0 512z",
          ],
          "iconName": "bookmark",
          "prefix": "fas",
        }
      }
    />
    About
  </Connect(Item)>
</div>
`;
