// Jest Snapshot v1, https://goo.gl/fbAQLP

exports[`<Backdrop> should render the component without errors 1`] = `
<div
  className="Backdrop"
  onClick={[MockFunction]}
/>
`;
