// Jest Snapshot v1, https://goo.gl/fbAQLP

exports[`<LazyLoader> should render a component without errors 1`] = `""`;
