// Jest Snapshot v1, https://goo.gl/fbAQLP

exports[`<Spinner/> should render without errors 1`] = `
<div
  className="Loader"
>
  Loading...
</div>
`;
